18:19:18 **** Incremental Build of configuration Debug for project 07_usart_printf ****
make -j4 all 
arm-none-eabi-gcc "../Src/main.c" -mcpu=cortex-m4 -std=gnu11 -g3 -DDEBUG -DSTM32 -DSTM32F4 -DSTM32F446RETx -DNUCLEO_F446RE -DSTM32F446xx -c -I../Inc -I"C:/Users/Navjeevan/OneDrive/Documents/GitHub/STM32/BARE_METAL_PROGRAMMING_STM32F446RE/OTHERS/CMSIS/Device/ST/STM32F4xx/Include" -I"C:/Users/Navjeevan/OneDrive/Documents/GitHub/STM32/BARE_METAL_PROGRAMMING_STM32F446RE/OTHERS/CMSIS/Include" -O0 -ffunction-sections -fdata-sections -Wall -fstack-usage -MMD -MP -MF"Src/main.d" -MT"Src/main.o" --specs=nano.specs -mfpu=fpv4-sp-d16 -mfloat-abi=hard -mthumb -o "Src/main.o"
arm-none-eabi-gcc -o "07_usart_printf.elf" @"objects.list"   -mcpu=cortex-m4 -T"C:\Users\Navjeevan\OneDrive\Documents\GitHub\STM32\BARE_METAL_PROGRAMMING_STM32F446RE\WORKSPACE\07_usart_printf\STM32F446RETX_FLASH.ld" --specs=nosys.specs -Wl,-Map="07_usart_printf.map" -Wl,--gc-sections -static --specs=nano.specs -mfpu=fpv4-sp-d16 -mfloat-abi=hard -mthumb -Wl,--start-group -lc -lm -Wl,--end-group
Finished building target: 07_usart_printf.elf
 
arm-none-eabi-objdump -h -S  07_usart_printf.elf  > "07_usart_printf.list"
arm-none-eabi-objcopy  -O binary  07_usart_printf.elf  "07_usart_printf.bin"
arm-none-eabi-size   07_usart_printf.elf 
   text	   data	    bss	    dec	    hex	filename
   3892	    108	   1596	   5596	   15dc	07_usart_printf.elf
Finished building: default.size.stdout
 
Finished building: 07_usart_printf.bin
Finished building: 07_usart_printf.list
 
 

18:19:20 Build Finished. 0 errors, 0 warnings. (took 1s.714ms)

