18:32:29 **** Incremental Build of configuration Debug for project 08_usart_modular ****
make -j4 all 
arm-none-eabi-gcc "../Src/main.c" -mcpu=cortex-m4 -std=gnu11 -g3 -DDEBUG -DSTM32 -DSTM32F4 -DSTM32F446RETx -DNUCLEO_F446RE -DSTM32F446xx -c -I../Inc -I"C:/Users/Navjeevan/OneDrive/Documents/GitHub/STM32/BARE_METAL_PROGRAMMING_STM32F446RE/OTHERS/CMSIS/Include" -I"C:/Users/Navjeevan/OneDrive/Documents/GitHub/STM32/BARE_METAL_PROGRAMMING_STM32F446RE/OTHERS/CMSIS/Device/ST/STM32F4xx/Include" -O0 -ffunction-sections -fdata-sections -Wall -fstack-usage -MMD -MP -MF"Src/main.d" -MT"Src/main.o" --specs=nano.specs -mfpu=fpv4-sp-d16 -mfloat-abi=hard -mthumb -o "Src/main.o"
arm-none-eabi-gcc -o "08_usart_modular.elf" @"objects.list"   -mcpu=cortex-m4 -T"C:\Users\Navjeevan\OneDrive\Documents\GitHub\STM32\BARE_METAL_PROGRAMMING_STM32F446RE\WORKSPACE\08_usart_modular\STM32F446RETX_FLASH.ld" --specs=nosys.specs -Wl,-Map="08_usart_modular.map" -Wl,--gc-sections -static --specs=nano.specs -mfpu=fpv4-sp-d16 -mfloat-abi=hard -mthumb -Wl,--start-group -lc -lm -Wl,--end-group
Finished building target: 08_usart_modular.elf
 
arm-none-eabi-objdump -h -S  08_usart_modular.elf  > "08_usart_modular.list"
arm-none-eabi-objcopy  -O binary  08_usart_modular.elf  "08_usart_modular.bin"
arm-none-eabi-size   08_usart_modular.elf 
   text	   data	    bss	    dec	    hex	filename
   5232	    108	   1596	   6936	   1b18	08_usart_modular.elf
Finished building: default.size.stdout
 
Finished building: 08_usart_modular.bin
Finished building: 08_usart_modular.list
 
 

18:32:30 Build Finished. 0 errors, 0 warnings. (took 1s.20ms)

