13:58:14 **** Incremental Build of configuration Debug for project 05_gpio_input ****
make -j4 all 
arm-none-eabi-gcc "../Src/main.c" -mcpu=cortex-m4 -std=gnu11 -g3 -DDEBUG -DSTM32 -DSTM32F4 -DSTM32F446RETx -DNUCLEO_F446RE -DSTM32F446xx -c -I../Inc -I"C:/Users/Navjeevan/OneDrive/Documents/GitHub/STM32/BARE_METAL_PROGRAMMING_STM32F446RE/OTHERS/CMSIS/Device/ST/STM32F4xx/Include" -I"C:/Users/Navjeevan/OneDrive/Documents/GitHub/STM32/BARE_METAL_PROGRAMMING_STM32F446RE/OTHERS/CMSIS/Include" -O0 -ffunction-sections -fdata-sections -Wall -fstack-usage -MMD -MP -MF"Src/main.d" -MT"Src/main.o" --specs=nano.specs -mfpu=fpv4-sp-d16 -mfloat-abi=hard -mthumb -o "Src/main.o"
arm-none-eabi-gcc -o "05_gpio_input.elf" @"objects.list"   -mcpu=cortex-m4 -T"C:\Users\Navjeevan\OneDrive\Documents\GitHub\STM32\BARE_METAL_PROGRAMMING_STM32F446RE\WORKSPACE\0_gpio_input\STM32F446RETX_FLASH.ld" --specs=nosys.specs -Wl,-Map="05_gpio_input.map" -Wl,--gc-sections -static --specs=nano.specs -mfpu=fpv4-sp-d16 -mfloat-abi=hard -mthumb -Wl,--start-group -lc -lm -Wl,--end-group
Finished building target: 05_gpio_input.elf
 
arm-none-eabi-objdump -h -S  05_gpio_input.elf  > "05_gpio_input.list"
arm-none-eabi-objcopy  -O binary  05_gpio_input.elf  "05_gpio_input.bin"
arm-none-eabi-size   05_gpio_input.elf 
   text	   data	    bss	    dec	    hex	filename
    832	      8	   1568	   2408	    968	05_gpio_input.elf
Finished building: default.size.stdout
 
Finished building: 05_gpio_input.list
Finished building: 05_gpio_input.bin
 
 
13:58:20 **** Incremental Build of configuration Debug for project 05_gpio_input ****
make -j4 all 
arm-none-eabi-size   05_gpio_input.elf 
   text	   data	    bss	    dec	    hex	filename
    832	      8	   1568	   2408	    968	05_gpio_input.elf
Finished building: default.size.stdout
 
