Archive member included to satisfy reference by file (symbol)

c:/st/stm32cubeide_1.1.0/stm32cubeide/plugins/com.st.stm32cube.ide.mcu.externaltools.gnu-tools-for-stm32.9-2020-q2-update.win32_1.5.0.202011040924/tools/bin/../lib/gcc/arm-none-eabi/9.3.1/../../../../arm-none-eabi/lib/thumb/v7e-m+fp/hard\libc_nano.a(lib_a-errno.o)
                              Src/syscalls.o (__errno)
c:/st/stm32cubeide_1.1.0/stm32cubeide/plugins/com.st.stm32cube.ide.mcu.externaltools.gnu-tools-for-stm32.9-2020-q2-update.win32_1.5.0.202011040924/tools/bin/../lib/gcc/arm-none-eabi/9.3.1/../../../../arm-none-eabi/lib/thumb/v7e-m+fp/hard\libc_nano.a(lib_a-exit.o)
                              c:/st/stm32cubeide_1.1.0/stm32cubeide/plugins/com.st.stm32cube.ide.mcu.externaltools.gnu-tools-for-stm32.9-2020-q2-update.win32_1.5.0.202011040924/tools/bin/../lib/gcc/arm-none-eabi/9.3.1/../../../../arm-none-eabi/lib/thumb/v7e-m+fp/hard/crt0.o (exit)
c:/st/stm32cubeide_1.1.0/stm32cubeide/plugins/com.st.stm32cube.ide.mcu.externaltools.gnu-tools-for-stm32.9-2020-q2-update.win32_1.5.0.202011040924/tools/bin/../lib/gcc/arm-none-eabi/9.3.1/../../../../arm-none-eabi/lib/thumb/v7e-m+fp/hard\libc_nano.a(lib_a-impure.o)
                              c:/st/stm32cubeide_1.1.0/stm32cubeide/plugins/com.st.stm32cube.ide.mcu.externaltools.gnu-tools-for-stm32.9-2020-q2-update.win32_1.5.0.202011040924/tools/bin/../lib/gcc/arm-none-eabi/9.3.1/../../../../arm-none-eabi/lib/thumb/v7e-m+fp/hard\libc_nano.a(lib_a-exit.o) (_global_impure_ptr)
c:/st/stm32cubeide_1.1.0/stm32cubeide/plugins/com.st.stm32cube.ide.mcu.externaltools.gnu-tools-for-stm32.9-2020-q2-update.win32_1.5.0.202011040924/tools/bin/../lib/gcc/arm-none-eabi/9.3.1/../../../../arm-none-eabi/lib/thumb/v7e-m+fp/hard\libc_nano.a(lib_a-init.o)
                              c:/st/stm32cubeide_1.1.0/stm32cubeide/plugins/com.st.stm32cube.ide.mcu.externaltools.gnu-tools-for-stm32.9-2020-q2-update.win32_1.5.0.202011040924/tools/bin/../lib/gcc/arm-none-eabi/9.3.1/../../../../arm-none-eabi/lib/thumb/v7e-m+fp/hard/crt0.o (__libc_init_array)
c:/st/stm32cubeide_1.1.0/stm32cubeide/plugins/com.st.stm32cube.ide.mcu.externaltools.gnu-tools-for-stm32.9-2020-q2-update.win32_1.5.0.202011040924/tools/bin/../lib/gcc/arm-none-eabi/9.3.1/../../../../arm-none-eabi/lib/thumb/v7e-m+fp/hard\libc_nano.a(lib_a-memset.o)
                              c:/st/stm32cubeide_1.1.0/stm32cubeide/plugins/com.st.stm32cube.ide.mcu.externaltools.gnu-tools-for-stm32.9-2020-q2-update.win32_1.5.0.202011040924/tools/bin/../lib/gcc/arm-none-eabi/9.3.1/../../../../arm-none-eabi/lib/thumb/v7e-m+fp/hard/crt0.o (memset)

Discarded input sections

 .text          0x0000000000000000        0x0 c:/st/stm32cubeide_1.1.0/stm32cubeide/plugins/com.st.stm32cube.ide.mcu.externaltools.gnu-tools-for-stm32.9-2020-q2-update.win32_1.5.0.202011040924/tools/bin/../lib/gcc/arm-none-eabi/9.3.1/thumb/v7e-m+fp/hard/crti.o
 .data          0x0000000000000000        0x0 c:/st/stm32cubeide_1.1.0/stm32cubeide/plugins/com.st.stm32cube.ide.mcu.externaltools.gnu-tools-for-stm32.9-2020-q2-update.win32_1.5.0.202011040924/tools/bin/../lib/gcc/arm-none-eabi/9.3.1/thumb/v7e-m+fp/hard/crti.o
 .bss           0x0000000000000000        0x0 c:/st/stm32cubeide_1.1.0/stm32cubeide/plugins/com.st.stm32cube.ide.mcu.externaltools.gnu-tools-for-stm32.9-2020-q2-update.win32_1.5.0.202011040924/tools/bin/../lib/gcc/arm-none-eabi/9.3.1/thumb/v7e-m+fp/hard/crti.o
 .data          0x0000000000000000        0x4 c:/st/stm32cubeide_1.1.0/stm32cubeide/plugins/com.st.stm32cube.ide.mcu.externaltools.gnu-tools-for-stm32.9-2020-q2-update.win32_1.5.0.202011040924/tools/bin/../lib/gcc/arm-none-eabi/9.3.1/thumb/v7e-m+fp/hard/crtbegin.o
 .text          0x0000000000000000       0x7c c:/st/stm32cubeide_1.1.0/stm32cubeide/plugins/com.st.stm32cube.ide.mcu.externaltools.gnu-tools-for-stm32.9-2020-q2-update.win32_1.5.0.202011040924/tools/bin/../lib/gcc/arm-none-eabi/9.3.1/../../../../arm-none-eabi/lib/thumb/v7e-m+fp/hard/crt0.o
 .data          0x0000000000000000        0x0 c:/st/stm32cubeide_1.1.0/stm32cubeide/plugins/com.st.stm32cube.ide.mcu.externaltools.gnu-tools-for-stm32.9-2020-q2-update.win32_1.5.0.202011040924/tools/bin/../lib/gcc/arm-none-eabi/9.3.1/../../../../arm-none-eabi/lib/thumb/v7e-m+fp/hard/crt0.o
 .bss           0x0000000000000000        0x0 c:/st/stm32cubeide_1.1.0/stm32cubeide/plugins/com.st.stm32cube.ide.mcu.externaltools.gnu-tools-for-stm32.9-2020-q2-update.win32_1.5.0.202011040924/tools/bin/../lib/gcc/arm-none-eabi/9.3.1/../../../../arm-none-eabi/lib/thumb/v7e-m+fp/hard/crt0.o
 .ARM.extab     0x0000000000000000        0x0 c:/st/stm32cubeide_1.1.0/stm32cubeide/plugins/com.st.stm32cube.ide.mcu.externaltools.gnu-tools-for-stm32.9-2020-q2-update.win32_1.5.0.202011040924/tools/bin/../lib/gcc/arm-none-eabi/9.3.1/../../../../arm-none-eabi/lib/thumb/v7e-m+fp/hard/crt0.o
 .ARM.exidx     0x0000000000000000       0x10 c:/st/stm32cubeide_1.1.0/stm32cubeide/plugins/com.st.stm32cube.ide.mcu.externaltools.gnu-tools-for-stm32.9-2020-q2-update.win32_1.5.0.202011040924/tools/bin/../lib/gcc/arm-none-eabi/9.3.1/../../../../arm-none-eabi/lib/thumb/v7e-m+fp/hard/crt0.o
 .ARM.attributes
                0x0000000000000000       0x1c c:/st/stm32cubeide_1.1.0/stm32cubeide/plugins/com.st.stm32cube.ide.mcu.externaltools.gnu-tools-for-stm32.9-2020-q2-update.win32_1.5.0.202011040924/tools/bin/../lib/gcc/arm-none-eabi/9.3.1/../../../../arm-none-eabi/lib/thumb/v7e-m+fp/hard/crt0.o
 .group         0x0000000000000000        0xc Src/02_ledBlinkyInterrupt.o
 .group         0x0000000000000000        0xc Src/02_ledBlinkyInterrupt.o
 .group         0x0000000000000000        0xc Src/02_ledBlinkyInterrupt.o
 .group         0x0000000000000000        0xc Src/02_ledBlinkyInterrupt.o
 .group         0x0000000000000000        0xc Src/02_ledBlinkyInterrupt.o
 .group         0x0000000000000000        0xc Src/02_ledBlinkyInterrupt.o
 .group         0x0000000000000000        0xc Src/02_ledBlinkyInterrupt.o
 .group         0x0000000000000000        0xc Src/02_ledBlinkyInterrupt.o
 .group         0x0000000000000000        0xc Src/02_ledBlinkyInterrupt.o
 .group         0x0000000000000000        0xc Src/02_ledBlinkyInterrupt.o
 .group         0x0000000000000000        0xc Src/02_ledBlinkyInterrupt.o
 .group         0x0000000000000000        0xc Src/02_ledBlinkyInterrupt.o
 .group         0x0000000000000000        0xc Src/02_ledBlinkyInterrupt.o
 .group         0x0000000000000000        0xc Src/02_ledBlinkyInterrupt.o
 .group         0x0000000000000000        0xc Src/02_ledBlinkyInterrupt.o
 .group         0x0000000000000000        0xc Src/02_ledBlinkyInterrupt.o
 .group         0x0000000000000000        0xc Src/02_ledBlinkyInterrupt.o
 .group         0x0000000000000000        0xc Src/02_ledBlinkyInterrupt.o
 .group         0x0000000000000000        0xc Src/02_ledBlinkyInterrupt.o
 .group         0x0000000000000000        0xc Src/02_ledBlinkyInterrupt.o
 .group         0x0000000000000000        0xc Src/02_ledBlinkyInterrupt.o
 .group         0x0000000000000000        0xc Src/02_ledBlinkyInterrupt.o
 .group         0x0000000000000000        0xc Src/02_ledBlinkyInterrupt.o
 .group         0x0000000000000000        0xc Src/02_ledBlinkyInterrupt.o
 .group         0x0000000000000000        0xc Src/02_ledBlinkyInterrupt.o
 .group         0x0000000000000000        0xc Src/02_ledBlinkyInterrupt.o
 .group         0x0000000000000000        0xc Src/02_ledBlinkyInterrupt.o
 .group         0x0000000000000000        0xc Src/02_ledBlinkyInterrupt.o
 .group         0x0000000000000000        0xc Src/02_ledBlinkyInterrupt.o
 .group         0x0000000000000000        0xc Src/02_ledBlinkyInterrupt.o
 .group         0x0000000000000000        0xc Src/02_ledBlinkyInterrupt.o
 .group         0x0000000000000000        0xc Src/02_ledBlinkyInterrupt.o
 .group         0x0000000000000000        0xc Src/02_ledBlinkyInterrupt.o
 .group         0x0000000000000000        0xc Src/02_ledBlinkyInterrupt.o
 .group         0x0000000000000000        0xc Src/02_ledBlinkyInterrupt.o
 .group         0x0000000000000000        0xc Src/02_ledBlinkyInterrupt.o
 .group         0x0000000000000000        0xc Src/02_ledBlinkyInterrupt.o
 .group         0x0000000000000000        0xc Src/02_ledBlinkyInterrupt.o
 .group         0x0000000000000000        0xc Src/02_ledBlinkyInterrupt.o
 .group         0x0000000000000000        0xc Src/02_ledBlinkyInterrupt.o
 .text          0x0000000000000000        0x0 Src/02_ledBlinkyInterrupt.o
 .data          0x0000000000000000        0x0 Src/02_ledBlinkyInterrupt.o
 .bss           0x0000000000000000        0x0 Src/02_ledBlinkyInterrupt.o
 .group         0x0000000000000000        0xc Src/gpio.o
 .group         0x0000000000000000        0xc Src/gpio.o
 .group         0x0000000000000000        0xc Src/gpio.o
 .group         0x0000000000000000        0xc Src/gpio.o
 .group         0x0000000000000000        0xc Src/gpio.o
 .group         0x0000000000000000        0xc Src/gpio.o
 .group         0x0000000000000000        0xc Src/gpio.o
 .group         0x0000000000000000        0xc Src/gpio.o
 .group         0x0000000000000000        0xc Src/gpio.o
 .group         0x0000000000000000        0xc Src/gpio.o
 .group         0x0000000000000000        0xc Src/gpio.o
 .group         0x0000000000000000        0xc Src/gpio.o
 .group         0x0000000000000000        0xc Src/gpio.o
 .group         0x0000000000000000        0xc Src/gpio.o
 .group         0x0000000000000000        0xc Src/gpio.o
 .group         0x0000000000000000        0xc Src/gpio.o
 .group         0x0000000000000000        0xc Src/gpio.o
 .group         0x0000000000000000        0xc Src/gpio.o
 .group         0x0000000000000000        0xc Src/gpio.o
 .group         0x0000000000000000        0xc Src/gpio.o
 .group         0x0000000000000000        0xc Src/gpio.o
 .group         0x0000000000000000        0xc Src/gpio.o
 .group         0x0000000000000000        0xc Src/gpio.o
 .group         0x0000000000000000        0xc Src/gpio.o
 .group         0x0000000000000000        0xc Src/gpio.o
 .group         0x0000000000000000        0xc Src/gpio.o
 .group         0x0000000000000000        0xc Src/gpio.o
 .group         0x0000000000000000        0xc Src/gpio.o
 .group         0x0000000000000000        0xc Src/gpio.o
 .group         0x0000000000000000        0xc Src/gpio.o
 .group         0x0000000000000000        0xc Src/gpio.o
 .group         0x0000000000000000        0xc Src/gpio.o
 .group         0x0000000000000000        0xc Src/gpio.o
 .group         0x0000000000000000        0xc Src/gpio.o
 .group         0x0000000000000000        0xc Src/gpio.o
 .group         0x0000000000000000        0xc Src/gpio.o
 .group         0x0000000000000000        0xc Src/gpio.o
 .text          0x0000000000000000        0x0 Src/gpio.o
 .data          0x0000000000000000        0x0 Src/gpio.o
 .bss           0x0000000000000000        0x0 Src/gpio.o
 .text.GPIO_DeInit
                0x0000000000000000      0x16c Src/gpio.o
 .text.GPIO_ReadFromInputPin
                0x0000000000000000       0x2c Src/gpio.o
 .text.GPIO_ReadFromInputPort
                0x0000000000000000       0x1c Src/gpio.o
 .text.GPIO_WriteToOutputPort
                0x0000000000000000       0x1e Src/gpio.o
 .debug_macro   0x0000000000000000      0xaae Src/gpio.o
 .debug_macro   0x0000000000000000       0x22 Src/gpio.o
 .debug_macro   0x0000000000000000       0x8e Src/gpio.o
 .debug_macro   0x0000000000000000       0x51 Src/gpio.o
 .debug_macro   0x0000000000000000      0x103 Src/gpio.o
 .debug_macro   0x0000000000000000       0x6a Src/gpio.o
 .debug_macro   0x0000000000000000      0x1df Src/gpio.o
 .debug_macro   0x0000000000000000       0x52 Src/gpio.o
 .debug_macro   0x0000000000000000       0x18 Src/gpio.o
 .debug_macro   0x0000000000000000       0x3c Src/gpio.o
 .debug_macro   0x0000000000000000       0x34 Src/gpio.o
 .debug_macro   0x0000000000000000       0x16 Src/gpio.o
 .debug_macro   0x0000000000000000       0x97 Src/gpio.o
 .debug_macro   0x0000000000000000      0x339 Src/gpio.o
 .debug_macro   0x0000000000000000       0xfd Src/gpio.o
 .debug_macro   0x0000000000000000       0x10 Src/gpio.o
 .debug_macro   0x0000000000000000       0x16 Src/gpio.o
 .debug_macro   0x0000000000000000       0x43 Src/gpio.o
 .debug_macro   0x0000000000000000       0x34 Src/gpio.o
 .debug_macro   0x0000000000000000       0x10 Src/gpio.o
 .debug_macro   0x0000000000000000       0x58 Src/gpio.o
 .debug_macro   0x0000000000000000       0x71 Src/gpio.o
 .debug_macro   0x0000000000000000       0x1c Src/gpio.o
 .debug_macro   0x0000000000000000      0x12a Src/gpio.o
 .debug_macro   0x0000000000000000       0x10 Src/gpio.o
 .debug_macro   0x0000000000000000       0x1c Src/gpio.o
 .debug_macro   0x0000000000000000       0x52 Src/gpio.o
 .debug_macro   0x0000000000000000       0x22 Src/gpio.o
 .debug_macro   0x0000000000000000       0x10 Src/gpio.o
 .debug_macro   0x0000000000000000       0x40 Src/gpio.o
 .debug_macro   0x0000000000000000       0xd5 Src/gpio.o
 .debug_macro   0x0000000000000000       0x1c Src/gpio.o
 .debug_macro   0x0000000000000000       0x3d Src/gpio.o
 .debug_macro   0x0000000000000000       0x16 Src/gpio.o
 .debug_macro   0x0000000000000000      0x145 Src/gpio.o
 .debug_macro   0x0000000000000000      0x2ac Src/gpio.o
 .debug_macro   0x0000000000000000      0x1b4 Src/gpio.o
 .group         0x0000000000000000        0xc Src/syscalls.o
 .group         0x0000000000000000        0xc Src/syscalls.o
 .group         0x0000000000000000        0xc Src/syscalls.o
 .group         0x0000000000000000        0xc Src/syscalls.o
 .group         0x0000000000000000        0xc Src/syscalls.o
 .group         0x0000000000000000        0xc Src/syscalls.o
 .group         0x0000000000000000        0xc Src/syscalls.o
 .group         0x0000000000000000        0xc Src/syscalls.o
 .group         0x0000000000000000        0xc Src/syscalls.o
 .group         0x0000000000000000        0xc Src/syscalls.o
 .group         0x0000000000000000        0xc Src/syscalls.o
 .group         0x0000000000000000        0xc Src/syscalls.o
 .group         0x0000000000000000        0xc Src/syscalls.o
 .group         0x0000000000000000        0xc Src/syscalls.o
 .group         0x0000000000000000        0xc Src/syscalls.o
 .group         0x0000000000000000        0xc Src/syscalls.o
 .group         0x0000000000000000        0xc Src/syscalls.o
 .group         0x0000000000000000        0xc Src/syscalls.o
 .group         0x0000000000000000        0xc Src/syscalls.o
 .group         0x0000000000000000        0xc Src/syscalls.o
 .group         0x0000000000000000        0xc Src/syscalls.o
 .group         0x0000000000000000        0xc Src/syscalls.o
 .group         0x0000000000000000        0xc Src/syscalls.o
 .group         0x0000000000000000        0xc Src/syscalls.o
 .group         0x0000000000000000        0xc Src/syscalls.o
 .group         0x0000000000000000        0xc Src/syscalls.o
 .group         0x0000000000000000        0xc Src/syscalls.o
 .group         0x0000000000000000        0xc Src/syscalls.o
 .group         0x0000000000000000        0xc Src/syscalls.o
 .group         0x0000000000000000        0xc Src/syscalls.o
 .group         0x0000000000000000        0xc Src/syscalls.o
 .group         0x0000000000000000        0xc Src/syscalls.o
 .group         0x0000000000000000        0xc Src/syscalls.o
 .group         0x0000000000000000        0xc Src/syscalls.o
 .group         0x0000000000000000        0xc Src/syscalls.o
 .group         0x0000000000000000        0xc Src/syscalls.o
 .group         0x0000000000000000        0xc Src/syscalls.o
 .group         0x0000000000000000        0xc Src/syscalls.o
 .group         0x0000000000000000        0xc Src/syscalls.o
 .group         0x0000000000000000        0xc Src/syscalls.o
 .group         0x0000000000000000        0xc Src/syscalls.o
 .group         0x0000000000000000        0xc Src/syscalls.o
 .group         0x0000000000000000        0xc Src/syscalls.o
 .group         0x0000000000000000        0xc Src/syscalls.o
 .group         0x0000000000000000        0xc Src/syscalls.o
 .group         0x0000000000000000        0xc Src/syscalls.o
 .group         0x0000000000000000        0xc Src/syscalls.o
 .text          0x0000000000000000        0x0 Src/syscalls.o
 .data          0x0000000000000000        0x0 Src/syscalls.o
 .bss           0x0000000000000000        0x0 Src/syscalls.o
 .bss.__env     0x0000000000000000        0x4 Src/syscalls.o
 .data.environ  0x0000000000000000        0x4 Src/syscalls.o
 .text.initialise_monitor_handles
                0x0000000000000000        0xe Src/syscalls.o
 .text._getpid  0x0000000000000000       0x10 Src/syscalls.o
 .text._kill    0x0000000000000000       0x20 Src/syscalls.o
 .text._exit    0x0000000000000000       0x14 Src/syscalls.o
 .text._read    0x0000000000000000       0x3a Src/syscalls.o
 .text._write   0x0000000000000000       0x38 Src/syscalls.o
 .text._close   0x0000000000000000       0x18 Src/syscalls.o
 .text._fstat   0x0000000000000000       0x20 Src/syscalls.o
 .text._isatty  0x0000000000000000       0x16 Src/syscalls.o
 .text._lseek   0x0000000000000000       0x1a Src/syscalls.o
 .text._open    0x0000000000000000       0x1c Src/syscalls.o
 .text._wait    0x0000000000000000       0x1e Src/syscalls.o
 .text._unlink  0x0000000000000000       0x1e Src/syscalls.o
 .text._times   0x0000000000000000       0x18 Src/syscalls.o
 .text._stat    0x0000000000000000       0x20 Src/syscalls.o
 .text._link    0x0000000000000000       0x20 Src/syscalls.o
 .text._fork    0x0000000000000000       0x16 Src/syscalls.o
 .text._execve  0x0000000000000000       0x22 Src/syscalls.o
 .debug_info    0x0000000000000000      0xfa8 Src/syscalls.o
 .debug_abbrev  0x0000000000000000      0x286 Src/syscalls.o
 .debug_aranges
                0x0000000000000000       0xa8 Src/syscalls.o
 .debug_ranges  0x0000000000000000       0x98 Src/syscalls.o
 .debug_macro   0x0000000000000000      0x24c Src/syscalls.o
 .debug_macro   0x0000000000000000      0xaae Src/syscalls.o
 .debug_macro   0x0000000000000000       0x22 Src/syscalls.o
 .debug_macro   0x0000000000000000       0x4c Src/syscalls.o
 .debug_macro   0x0000000000000000       0x18 Src/syscalls.o
 .debug_macro   0x0000000000000000       0x94 Src/syscalls.o
 .debug_macro   0x0000000000000000       0x3c Src/syscalls.o
 .debug_macro   0x0000000000000000       0x34 Src/syscalls.o
 .debug_macro   0x0000000000000000       0x57 Src/syscalls.o
 .debug_macro   0x0000000000000000      0x174 Src/syscalls.o
 .debug_macro   0x0000000000000000      0x339 Src/syscalls.o
 .debug_macro   0x0000000000000000       0x16 Src/syscalls.o
 .debug_macro   0x0000000000000000       0x43 Src/syscalls.o
 .debug_macro   0x0000000000000000       0x34 Src/syscalls.o
 .debug_macro   0x0000000000000000       0x10 Src/syscalls.o
 .debug_macro   0x0000000000000000       0x58 Src/syscalls.o
 .debug_macro   0x0000000000000000       0x71 Src/syscalls.o
 .debug_macro   0x0000000000000000       0x1c Src/syscalls.o
 .debug_macro   0x0000000000000000      0x12a Src/syscalls.o
 .debug_macro   0x0000000000000000       0x10 Src/syscalls.o
 .debug_macro   0x0000000000000000       0x35 Src/syscalls.o
 .debug_macro   0x0000000000000000       0x10 Src/syscalls.o
 .debug_macro   0x0000000000000000       0x10 Src/syscalls.o
 .debug_macro   0x0000000000000000       0x10 Src/syscalls.o
 .debug_macro   0x0000000000000000       0x6a Src/syscalls.o
 .debug_macro   0x0000000000000000       0x1c Src/syscalls.o
 .debug_macro   0x0000000000000000       0x52 Src/syscalls.o
 .debug_macro   0x0000000000000000       0x22 Src/syscalls.o
 .debug_macro   0x0000000000000000       0x10 Src/syscalls.o
 .debug_macro   0x0000000000000000       0x40 Src/syscalls.o
 .debug_macro   0x0000000000000000       0xd5 Src/syscalls.o
 .debug_macro   0x0000000000000000       0x1c Src/syscalls.o
 .debug_macro   0x0000000000000000       0x3d Src/syscalls.o
 .debug_macro   0x0000000000000000       0x35 Src/syscalls.o
 .debug_macro   0x0000000000000000      0x12c Src/syscalls.o
 .debug_macro   0x0000000000000000       0x16 Src/syscalls.o
 .debug_macro   0x0000000000000000       0x16 Src/syscalls.o
 .debug_macro   0x0000000000000000       0x29 Src/syscalls.o
 .debug_macro   0x0000000000000000       0x10 Src/syscalls.o
 .debug_macro   0x0000000000000000      0x241 Src/syscalls.o
 .debug_macro   0x0000000000000000       0x1c Src/syscalls.o
 .debug_macro   0x0000000000000000       0x10 Src/syscalls.o
 .debug_macro   0x0000000000000000       0x10 Src/syscalls.o
 .debug_macro   0x0000000000000000       0x16 Src/syscalls.o
 .debug_macro   0x0000000000000000      0x145 Src/syscalls.o
 .debug_macro   0x0000000000000000      0x189 Src/syscalls.o
 .debug_macro   0x0000000000000000       0x16 Src/syscalls.o
 .debug_macro   0x0000000000000000       0xce Src/syscalls.o
 .debug_line    0x0000000000000000      0x7fd Src/syscalls.o
 .debug_str     0x0000000000000000     0x8ef4 Src/syscalls.o
 .comment       0x0000000000000000       0x54 Src/syscalls.o
 .debug_frame   0x0000000000000000      0x2ac Src/syscalls.o
 .ARM.attributes
                0x0000000000000000       0x34 Src/syscalls.o
 .group         0x0000000000000000        0xc Src/sysmem.o
 .group         0x0000000000000000        0xc Src/sysmem.o
 .group         0x0000000000000000        0xc Src/sysmem.o
 .group         0x0000000000000000        0xc Src/sysmem.o
 .group         0x0000000000000000        0xc Src/sysmem.o
 .group         0x0000000000000000        0xc Src/sysmem.o
 .group         0x0000000000000000        0xc Src/sysmem.o
 .group         0x0000000000000000        0xc Src/sysmem.o
 .group         0x0000000000000000        0xc Src/sysmem.o
 .group         0x0000000000000000        0xc Src/sysmem.o
 .group         0x0000000000000000        0xc Src/sysmem.o
 .group         0x0000000000000000        0xc Src/sysmem.o
 .group         0x0000000000000000        0xc Src/sysmem.o
 .group         0x0000000000000000        0xc Src/sysmem.o
 .group         0x0000000000000000        0xc Src/sysmem.o
 .group         0x0000000000000000        0xc Src/sysmem.o
 .group         0x0000000000000000        0xc Src/sysmem.o
 .group         0x0000000000000000        0xc Src/sysmem.o
 .group         0x0000000000000000        0xc Src/sysmem.o
 .group         0x0000000000000000        0xc Src/sysmem.o
 .group         0x0000000000000000        0xc Src/sysmem.o
 .group         0x0000000000000000        0xc Src/sysmem.o
 .text          0x0000000000000000        0x0 Src/sysmem.o
 .data          0x0000000000000000        0x0 Src/sysmem.o
 .bss           0x0000000000000000        0x0 Src/sysmem.o
 .bss.__sbrk_heap_end
                0x0000000000000000        0x4 Src/sysmem.o
 .text._sbrk    0x0000000000000000       0x6c Src/sysmem.o
 .debug_info    0x0000000000000000      0xa25 Src/sysmem.o
 .debug_abbrev  0x0000000000000000      0x1bf Src/sysmem.o
 .debug_aranges
                0x0000000000000000       0x20 Src/sysmem.o
 .debug_ranges  0x0000000000000000       0x10 Src/sysmem.o
 .debug_macro   0x0000000000000000       0xff Src/sysmem.o
 .debug_macro   0x0000000000000000      0xaae Src/sysmem.o
 .debug_macro   0x0000000000000000       0x10 Src/sysmem.o
 .debug_macro   0x0000000000000000       0x22 Src/sysmem.o
 .debug_macro   0x0000000000000000       0x4c Src/sysmem.o
 .debug_macro   0x0000000000000000       0x18 Src/sysmem.o
 .debug_macro   0x0000000000000000       0x94 Src/sysmem.o
 .debug_macro   0x0000000000000000       0x3c Src/sysmem.o
 .debug_macro   0x0000000000000000       0x34 Src/sysmem.o
 .debug_macro   0x0000000000000000      0x174 Src/sysmem.o
 .debug_macro   0x0000000000000000       0x16 Src/sysmem.o
 .debug_macro   0x0000000000000000       0x43 Src/sysmem.o
 .debug_macro   0x0000000000000000       0x57 Src/sysmem.o
 .debug_macro   0x0000000000000000       0x34 Src/sysmem.o
 .debug_macro   0x0000000000000000       0x10 Src/sysmem.o
 .debug_macro   0x0000000000000000       0x58 Src/sysmem.o
 .debug_macro   0x0000000000000000       0x71 Src/sysmem.o
 .debug_macro   0x0000000000000000       0x1c Src/sysmem.o
 .debug_macro   0x0000000000000000      0x12a Src/sysmem.o
 .debug_macro   0x0000000000000000      0x23b Src/sysmem.o
 .debug_macro   0x0000000000000000      0x103 Src/sysmem.o
 .debug_macro   0x0000000000000000       0x6a Src/sysmem.o
 .debug_macro   0x0000000000000000      0x1df Src/sysmem.o
 .debug_line    0x0000000000000000      0x4f3 Src/sysmem.o
 .debug_str     0x0000000000000000     0x62c7 Src/sysmem.o
 .comment       0x0000000000000000       0x54 Src/sysmem.o
 .debug_frame   0x0000000000000000       0x34 Src/sysmem.o
 .ARM.attributes
                0x0000000000000000       0x34 Src/sysmem.o
 .text          0x0000000000000000       0x14 Startup/startup_stm32f407vgtx.o
 .data          0x0000000000000000        0x0 Startup/startup_stm32f407vgtx.o
 .bss           0x0000000000000000        0x0 Startup/startup_stm32f407vgtx.o
 .text          0x0000000000000000        0x0 c:/st/stm32cubeide_1.1.0/stm32cubeide/plugins/com.st.stm32cube.ide.mcu.externaltools.gnu-tools-for-stm32.9-2020-q2-update.win32_1.5.0.202011040924/tools/bin/../lib/gcc/arm-none-eabi/9.3.1/../../../../arm-none-eabi/lib/thumb/v7e-m+fp/hard\libc_nano.a(lib_a-errno.o)
 .data          0x0000000000000000        0x0 c:/st/stm32cubeide_1.1.0/stm32cubeide/plugins/com.st.stm32cube.ide.mcu.externaltools.gnu-tools-for-stm32.9-2020-q2-update.win32_1.5.0.202011040924/tools/bin/../lib/gcc/arm-none-eabi/9.3.1/../../../../arm-none-eabi/lib/thumb/v7e-m+fp/hard\libc_nano.a(lib_a-errno.o)
 .bss           0x0000000000000000        0x0 c:/st/stm32cubeide_1.1.0/stm32cubeide/plugins/com.st.stm32cube.ide.mcu.externaltools.gnu-tools-for-stm32.9-2020-q2-update.win32_1.5.0.202011040924/tools/bin/../lib/gcc/arm-none-eabi/9.3.1/../../../../arm-none-eabi/lib/thumb/v7e-m+fp/hard\libc_nano.a(lib_a-errno.o)
 .text.__errno  0x0000000000000000        0xc c:/st/stm32cubeide_1.1.0/stm32cubeide/plugins/com.st.stm32cube.ide.mcu.externaltools.gnu-tools-for-stm32.9-2020-q2-update.win32_1.5.0.202011040924/tools/bin/../lib/gcc/arm-none-eabi/9.3.1/../../../../arm-none-eabi/lib/thumb/v7e-m+fp/hard\libc_nano.a(lib_a-errno.o)
 .debug_frame   0x0000000000000000       0x20 c:/st/stm32cubeide_1.1.0/stm32cubeide/plugins/com.st.stm32cube.ide.mcu.externaltools.gnu-tools-for-stm32.9-2020-q2-update.win32_1.5.0.202011040924/tools/bin/../lib/gcc/arm-none-eabi/9.3.1/../../../../arm-none-eabi/lib/thumb/v7e-m+fp/hard\libc_nano.a(lib_a-errno.o)
 .ARM.attributes
                0x0000000000000000       0x34 c:/st/stm32cubeide_1.1.0/stm32cubeide/plugins/com.st.stm32cube.ide.mcu.externaltools.gnu-tools-for-stm32.9-2020-q2-update.win32_1.5.0.202011040924/tools/bin/../lib/gcc/arm-none-eabi/9.3.1/../../../../arm-none-eabi/lib/thumb/v7e-m+fp/hard\libc_nano.a(lib_a-errno.o)
 .text          0x0000000000000000        0x0 c:/st/stm32cubeide_1.1.0/stm32cubeide/plugins/com.st.stm32cube.ide.mcu.externaltools.gnu-tools-for-stm32.9-2020-q2-update.win32_1.5.0.202011040924/tools/bin/../lib/gcc/arm-none-eabi/9.3.1/../../../../arm-none-eabi/lib/thumb/v7e-m+fp/hard\libc_nano.a(lib_a-exit.o)
 .data          0x0000000000000000        0x0 c:/st/stm32cubeide_1.1.0/stm32cubeide/plugins/com.st.stm32cube.ide.mcu.externaltools.gnu-tools-for-stm32.9-2020-q2-update.win32_1.5.0.202011040924/tools/bin/../lib/gcc/arm-none-eabi/9.3.1/../../../../arm-none-eabi/lib/thumb/v7e-m+fp/hard\libc_nano.a(lib_a-exit.o)
 .bss           0x0000000000000000        0x0 c:/st/stm32cubeide_1.1.0/stm32cubeide/plugins/com.st.stm32cube.ide.mcu.externaltools.gnu-tools-for-stm32.9-2020-q2-update.win32_1.5.0.202011040924/tools/bin/../lib/gcc/arm-none-eabi/9.3.1/../../../../arm-none-eabi/lib/thumb/v7e-m+fp/hard\libc_nano.a(lib_a-exit.o)
 .text.exit     0x0000000000000000       0x28 c:/st/stm32cubeide_1.1.0/stm32cubeide/plugins/com.st.stm32cube.ide.mcu.externaltools.gnu-tools-for-stm32.9-2020-q2-update.win32_1.5.0.202011040924/tools/bin/../lib/gcc/arm-none-eabi/9.3.1/../../../../arm-none-eabi/lib/thumb/v7e-m+fp/hard\libc_nano.a(lib_a-exit.o)
 .debug_frame   0x0000000000000000       0x28 c:/st/stm32cubeide_1.1.0/stm32cubeide/plugins/com.st.stm32cube.ide.mcu.externaltools.gnu-tools-for-stm32.9-2020-q2-update.win32_1.5.0.202011040924/tools/bin/../lib/gcc/arm-none-eabi/9.3.1/../../../../arm-none-eabi/lib/thumb/v7e-m+fp/hard\libc_nano.a(lib_a-exit.o)
 .ARM.attributes
                0x0000000000000000       0x34 c:/st/stm32cubeide_1.1.0/stm32cubeide/plugins/com.st.stm32cube.ide.mcu.externaltools.gnu-tools-for-stm32.9-2020-q2-update.win32_1.5.0.202011040924/tools/bin/../lib/gcc/arm-none-eabi/9.3.1/../../../../arm-none-eabi/lib/thumb/v7e-m+fp/hard\libc_nano.a(lib_a-exit.o)
 .text          0x0000000000000000        0x0 c:/st/stm32cubeide_1.1.0/stm32cubeide/plugins/com.st.stm32cube.ide.mcu.externaltools.gnu-tools-for-stm32.9-2020-q2-update.win32_1.5.0.202011040924/tools/bin/../lib/gcc/arm-none-eabi/9.3.1/../../../../arm-none-eabi/lib/thumb/v7e-m+fp/hard\libc_nano.a(lib_a-impure.o)
 .data          0x0000000000000000        0x0 c:/st/stm32cubeide_1.1.0/stm32cubeide/plugins/com.st.stm32cube.ide.mcu.externaltools.gnu-tools-for-stm32.9-2020-q2-update.win32_1.5.0.202011040924/tools/bin/../lib/gcc/arm-none-eabi/9.3.1/../../../../arm-none-eabi/lib/thumb/v7e-m+fp/hard\libc_nano.a(lib_a-impure.o)
 .bss           0x0000000000000000        0x0 c:/st/stm32cubeide_1.1.0/stm32cubeide/plugins/com.st.stm32cube.ide.mcu.externaltools.gnu-tools-for-stm32.9-2020-q2-update.win32_1.5.0.202011040924/tools/bin/../lib/gcc/arm-none-eabi/9.3.1/../../../../arm-none-eabi/lib/thumb/v7e-m+fp/hard\libc_nano.a(lib_a-impure.o)
 .data._impure_ptr
                0x0000000000000000        0x4 c:/st/stm32cubeide_1.1.0/stm32cubeide/plugins/com.st.stm32cube.ide.mcu.externaltools.gnu-tools-for-stm32.9-2020-q2-update.win32_1.5.0.202011040924/tools/bin/../lib/gcc/arm-none-eabi/9.3.1/../../../../arm-none-eabi/lib/thumb/v7e-m+fp/hard\libc_nano.a(lib_a-impure.o)
 .data.impure_data
                0x0000000000000000       0x60 c:/st/stm32cubeide_1.1.0/stm32cubeide/plugins/com.st.stm32cube.ide.mcu.externaltools.gnu-tools-for-stm32.9-2020-q2-update.win32_1.5.0.202011040924/tools/bin/../lib/gcc/arm-none-eabi/9.3.1/../../../../arm-none-eabi/lib/thumb/v7e-m+fp/hard\libc_nano.a(lib_a-impure.o)
 .rodata._global_impure_ptr
                0x0000000000000000        0x4 c:/st/stm32cubeide_1.1.0/stm32cubeide/plugins/com.st.stm32cube.ide.mcu.externaltools.gnu-tools-for-stm32.9-2020-q2-update.win32_1.5.0.202011040924/tools/bin/../lib/gcc/arm-none-eabi/9.3.1/../../../../arm-none-eabi/lib/thumb/v7e-m+fp/hard\libc_nano.a(lib_a-impure.o)
 .ARM.attributes
                0x0000000000000000       0x32 c:/st/stm32cubeide_1.1.0/stm32cubeide/plugins/com.st.stm32cube.ide.mcu.externaltools.gnu-tools-for-stm32.9-2020-q2-update.win32_1.5.0.202011040924/tools/bin/../lib/gcc/arm-none-eabi/9.3.1/../../../../arm-none-eabi/lib/thumb/v7e-m+fp/hard\libc_nano.a(lib_a-impure.o)
 .text          0x0000000000000000        0x0 c:/st/stm32cubeide_1.1.0/stm32cubeide/plugins/com.st.stm32cube.ide.mcu.externaltools.gnu-tools-for-stm32.9-2020-q2-update.win32_1.5.0.202011040924/tools/bin/../lib/gcc/arm-none-eabi/9.3.1/../../../../arm-none-eabi/lib/thumb/v7e-m+fp/hard\libc_nano.a(lib_a-init.o)
 .data          0x0000000000000000        0x0 c:/st/stm32cubeide_1.1.0/stm32cubeide/plugins/com.st.stm32cube.ide.mcu.externaltools.gnu-tools-for-stm32.9-2020-q2-update.win32_1.5.0.202011040924/tools/bin/../lib/gcc/arm-none-eabi/9.3.1/../../../../arm-none-eabi/lib/thumb/v7e-m+fp/hard\libc_nano.a(lib_a-init.o)
 .bss           0x0000000000000000        0x0 c:/st/stm32cubeide_1.1.0/stm32cubeide/plugins/com.st.stm32cube.ide.mcu.externaltools.gnu-tools-for-stm32.9-2020-q2-update.win32_1.5.0.202011040924/tools/bin/../lib/gcc/arm-none-eabi/9.3.1/../../../../arm-none-eabi/lib/thumb/v7e-m+fp/hard\libc_nano.a(lib_a-init.o)
 .text          0x0000000000000000        0x0 c:/st/stm32cubeide_1.1.0/stm32cubeide/plugins/com.st.stm32cube.ide.mcu.externaltools.gnu-tools-for-stm32.9-2020-q2-update.win32_1.5.0.202011040924/tools/bin/../lib/gcc/arm-none-eabi/9.3.1/../../../../arm-none-eabi/lib/thumb/v7e-m+fp/hard\libc_nano.a(lib_a-memset.o)
 .data          0x0000000000000000        0x0 c:/st/stm32cubeide_1.1.0/stm32cubeide/plugins/com.st.stm32cube.ide.mcu.externaltools.gnu-tools-for-stm32.9-2020-q2-update.win32_1.5.0.202011040924/tools/bin/../lib/gcc/arm-none-eabi/9.3.1/../../../../arm-none-eabi/lib/thumb/v7e-m+fp/hard\libc_nano.a(lib_a-memset.o)
 .bss           0x0000000000000000        0x0 c:/st/stm32cubeide_1.1.0/stm32cubeide/plugins/com.st.stm32cube.ide.mcu.externaltools.gnu-tools-for-stm32.9-2020-q2-update.win32_1.5.0.202011040924/tools/bin/../lib/gcc/arm-none-eabi/9.3.1/../../../../arm-none-eabi/lib/thumb/v7e-m+fp/hard\libc_nano.a(lib_a-memset.o)
 .text          0x0000000000000000        0x0 c:/st/stm32cubeide_1.1.0/stm32cubeide/plugins/com.st.stm32cube.ide.mcu.externaltools.gnu-tools-for-stm32.9-2020-q2-update.win32_1.5.0.202011040924/tools/bin/../lib/gcc/arm-none-eabi/9.3.1/thumb/v7e-m+fp/hard/crtend.o
 .data          0x0000000000000000        0x0 c:/st/stm32cubeide_1.1.0/stm32cubeide/plugins/com.st.stm32cube.ide.mcu.externaltools.gnu-tools-for-stm32.9-2020-q2-update.win32_1.5.0.202011040924/tools/bin/../lib/gcc/arm-none-eabi/9.3.1/thumb/v7e-m+fp/hard/crtend.o
 .bss           0x0000000000000000        0x0 c:/st/stm32cubeide_1.1.0/stm32cubeide/plugins/com.st.stm32cube.ide.mcu.externaltools.gnu-tools-for-stm32.9-2020-q2-update.win32_1.5.0.202011040924/tools/bin/../lib/gcc/arm-none-eabi/9.3.1/thumb/v7e-m+fp/hard/crtend.o
 .eh_frame      0x0000000000000000        0x4 c:/st/stm32cubeide_1.1.0/stm32cubeide/plugins/com.st.stm32cube.ide.mcu.externaltools.gnu-tools-for-stm32.9-2020-q2-update.win32_1.5.0.202011040924/tools/bin/../lib/gcc/arm-none-eabi/9.3.1/thumb/v7e-m+fp/hard/crtend.o
 .ARM.attributes
                0x0000000000000000       0x32 c:/st/stm32cubeide_1.1.0/stm32cubeide/plugins/com.st.stm32cube.ide.mcu.externaltools.gnu-tools-for-stm32.9-2020-q2-update.win32_1.5.0.202011040924/tools/bin/../lib/gcc/arm-none-eabi/9.3.1/thumb/v7e-m+fp/hard/crtend.o
 .text          0x0000000000000000        0x0 c:/st/stm32cubeide_1.1.0/stm32cubeide/plugins/com.st.stm32cube.ide.mcu.externaltools.gnu-tools-for-stm32.9-2020-q2-update.win32_1.5.0.202011040924/tools/bin/../lib/gcc/arm-none-eabi/9.3.1/thumb/v7e-m+fp/hard/crtn.o
 .data          0x0000000000000000        0x0 c:/st/stm32cubeide_1.1.0/stm32cubeide/plugins/com.st.stm32cube.ide.mcu.externaltools.gnu-tools-for-stm32.9-2020-q2-update.win32_1.5.0.202011040924/tools/bin/../lib/gcc/arm-none-eabi/9.3.1/thumb/v7e-m+fp/hard/crtn.o
 .bss           0x0000000000000000        0x0 c:/st/stm32cubeide_1.1.0/stm32cubeide/plugins/com.st.stm32cube.ide.mcu.externaltools.gnu-tools-for-stm32.9-2020-q2-update.win32_1.5.0.202011040924/tools/bin/../lib/gcc/arm-none-eabi/9.3.1/thumb/v7e-m+fp/hard/crtn.o

Memory Configuration

Name             Origin             Length             Attributes
RAM              0x0000000020000000 0x0000000000020000 xrw
FLASH            0x0000000008000000 0x0000000000100000 xr
*default*        0x0000000000000000 0xffffffffffffffff

Linker script and memory map

LOAD c:/st/stm32cubeide_1.1.0/stm32cubeide/plugins/com.st.stm32cube.ide.mcu.externaltools.gnu-tools-for-stm32.9-2020-q2-update.win32_1.5.0.202011040924/tools/bin/../lib/gcc/arm-none-eabi/9.3.1/thumb/v7e-m+fp/hard/crti.o
LOAD c:/st/stm32cubeide_1.1.0/stm32cubeide/plugins/com.st.stm32cube.ide.mcu.externaltools.gnu-tools-for-stm32.9-2020-q2-update.win32_1.5.0.202011040924/tools/bin/../lib/gcc/arm-none-eabi/9.3.1/thumb/v7e-m+fp/hard/crtbegin.o
LOAD c:/st/stm32cubeide_1.1.0/stm32cubeide/plugins/com.st.stm32cube.ide.mcu.externaltools.gnu-tools-for-stm32.9-2020-q2-update.win32_1.5.0.202011040924/tools/bin/../lib/gcc/arm-none-eabi/9.3.1/../../../../arm-none-eabi/lib/thumb/v7e-m+fp/hard/crt0.o
LOAD Src/02_ledBlinkyInterrupt.o
LOAD Src/gpio.o
LOAD Src/syscalls.o
LOAD Src/sysmem.o
LOAD Startup/startup_stm32f407vgtx.o
START GROUP
LOAD c:/st/stm32cubeide_1.1.0/stm32cubeide/plugins/com.st.stm32cube.ide.mcu.externaltools.gnu-tools-for-stm32.9-2020-q2-update.win32_1.5.0.202011040924/tools/bin/../lib/gcc/arm-none-eabi/9.3.1/../../../../arm-none-eabi/lib/thumb/v7e-m+fp/hard\libc_nano.a
LOAD c:/st/stm32cubeide_1.1.0/stm32cubeide/plugins/com.st.stm32cube.ide.mcu.externaltools.gnu-tools-for-stm32.9-2020-q2-update.win32_1.5.0.202011040924/tools/bin/../lib/gcc/arm-none-eabi/9.3.1/../../../../arm-none-eabi/lib/thumb/v7e-m+fp/hard\libm.a
END GROUP
START GROUP
LOAD c:/st/stm32cubeide_1.1.0/stm32cubeide/plugins/com.st.stm32cube.ide.mcu.externaltools.gnu-tools-for-stm32.9-2020-q2-update.win32_1.5.0.202011040924/tools/bin/../lib/gcc/arm-none-eabi/9.3.1/thumb/v7e-m+fp/hard\libgcc.a
LOAD c:/st/stm32cubeide_1.1.0/stm32cubeide/plugins/com.st.stm32cube.ide.mcu.externaltools.gnu-tools-for-stm32.9-2020-q2-update.win32_1.5.0.202011040924/tools/bin/../lib/gcc/arm-none-eabi/9.3.1/../../../../arm-none-eabi/lib/thumb/v7e-m+fp/hard\libc_nano.a
END GROUP
START GROUP
LOAD c:/st/stm32cubeide_1.1.0/stm32cubeide/plugins/com.st.stm32cube.ide.mcu.externaltools.gnu-tools-for-stm32.9-2020-q2-update.win32_1.5.0.202011040924/tools/bin/../lib/gcc/arm-none-eabi/9.3.1/thumb/v7e-m+fp/hard\libgcc.a
LOAD c:/st/stm32cubeide_1.1.0/stm32cubeide/plugins/com.st.stm32cube.ide.mcu.externaltools.gnu-tools-for-stm32.9-2020-q2-update.win32_1.5.0.202011040924/tools/bin/../lib/gcc/arm-none-eabi/9.3.1/../../../../arm-none-eabi/lib/thumb/v7e-m+fp/hard\libc_nano.a
LOAD c:/st/stm32cubeide_1.1.0/stm32cubeide/plugins/com.st.stm32cube.ide.mcu.externaltools.gnu-tools-for-stm32.9-2020-q2-update.win32_1.5.0.202011040924/tools/bin/../lib/gcc/arm-none-eabi/9.3.1/../../../../arm-none-eabi/lib/thumb/v7e-m+fp/hard\libnosys.a
END GROUP
START GROUP
LOAD c:/st/stm32cubeide_1.1.0/stm32cubeide/plugins/com.st.stm32cube.ide.mcu.externaltools.gnu-tools-for-stm32.9-2020-q2-update.win32_1.5.0.202011040924/tools/bin/../lib/gcc/arm-none-eabi/9.3.1/thumb/v7e-m+fp/hard\libgcc.a
LOAD c:/st/stm32cubeide_1.1.0/stm32cubeide/plugins/com.st.stm32cube.ide.mcu.externaltools.gnu-tools-for-stm32.9-2020-q2-update.win32_1.5.0.202011040924/tools/bin/../lib/gcc/arm-none-eabi/9.3.1/../../../../arm-none-eabi/lib/thumb/v7e-m+fp/hard\libc_nano.a
LOAD c:/st/stm32cubeide_1.1.0/stm32cubeide/plugins/com.st.stm32cube.ide.mcu.externaltools.gnu-tools-for-stm32.9-2020-q2-update.win32_1.5.0.202011040924/tools/bin/../lib/gcc/arm-none-eabi/9.3.1/../../../../arm-none-eabi/lib/thumb/v7e-m+fp/hard\libnosys.a
END GROUP
LOAD c:/st/stm32cubeide_1.1.0/stm32cubeide/plugins/com.st.stm32cube.ide.mcu.externaltools.gnu-tools-for-stm32.9-2020-q2-update.win32_1.5.0.202011040924/tools/bin/../lib/gcc/arm-none-eabi/9.3.1/thumb/v7e-m+fp/hard/crtend.o
LOAD c:/st/stm32cubeide_1.1.0/stm32cubeide/plugins/com.st.stm32cube.ide.mcu.externaltools.gnu-tools-for-stm32.9-2020-q2-update.win32_1.5.0.202011040924/tools/bin/../lib/gcc/arm-none-eabi/9.3.1/thumb/v7e-m+fp/hard/crtn.o
                0x0000000020020000                _estack = (ORIGIN (RAM) + LENGTH (RAM))
                0x0000000000000200                _Min_Heap_Size = 0x200
                0x0000000000000400                _Min_Stack_Size = 0x400

.isr_vector     0x0000000008000000      0x1a8
                0x0000000008000000                . = ALIGN (0x4)
 *(.isr_vector)
 .isr_vector    0x0000000008000000      0x1a8 Startup/startup_stm32f407vgtx.o
                0x0000000008000000                g_pfnVectors
                0x00000000080001a8                . = ALIGN (0x4)

.text           0x00000000080001a8      0x91c
                0x00000000080001a8                . = ALIGN (0x4)
 *(.text)
 .text          0x00000000080001a8       0x40 c:/st/stm32cubeide_1.1.0/stm32cubeide/plugins/com.st.stm32cube.ide.mcu.externaltools.gnu-tools-for-stm32.9-2020-q2-update.win32_1.5.0.202011040924/tools/bin/../lib/gcc/arm-none-eabi/9.3.1/thumb/v7e-m+fp/hard/crtbegin.o
 *(.text*)
 .text.delay    0x00000000080001e8       0x2a Src/02_ledBlinkyInterrupt.o
                0x00000000080001e8                delay
 *fill*         0x0000000008000212        0x2 
 .text.main     0x0000000008000214       0x98 Src/02_ledBlinkyInterrupt.o
                0x0000000008000214                main
 .text.EXTI9_5_IRQHandler
                0x00000000080002ac       0x24 Src/02_ledBlinkyInterrupt.o
                0x00000000080002ac                EXTI9_5_IRQHandler
 .text.GPIO_PeriClockControl
                0x00000000080002d0      0x1d0 Src/gpio.o
                0x00000000080002d0                GPIO_PeriClockControl
 .text.GPIO_Init
                0x00000000080004a0      0x348 Src/gpio.o
                0x00000000080004a0                GPIO_Init
 .text.GPIO_WriteToOutputPin
                0x00000000080007e8       0x4a Src/gpio.o
                0x00000000080007e8                GPIO_WriteToOutputPin
 .text.GPIO_ToggleOutputPin
                0x0000000008000832       0x2a Src/gpio.o
                0x0000000008000832                GPIO_ToggleOutputPin
 .text.GPIO_IRQInterruptConfig
                0x000000000800085c      0x10c Src/gpio.o
                0x000000000800085c                GPIO_IRQInterruptConfig
 .text.GPIO_IRQPriorityConfig
                0x0000000008000968       0x56 Src/gpio.o
                0x0000000008000968                GPIO_IRQPriorityConfig
 *fill*         0x00000000080009be        0x2 
 .text.GPIO_IRQHandling
                0x00000000080009c0       0x40 Src/gpio.o
                0x00000000080009c0                GPIO_IRQHandling
 .text.Reset_Handler
                0x0000000008000a00       0x50 Startup/startup_stm32f407vgtx.o
                0x0000000008000a00                Reset_Handler
 .text.Default_Handler
                0x0000000008000a50        0x2 Startup/startup_stm32f407vgtx.o
                0x0000000008000a50                RTC_Alarm_IRQHandler
                0x0000000008000a50                HASH_RNG_IRQHandler
                0x0000000008000a50                EXTI2_IRQHandler
                0x0000000008000a50                TIM8_CC_IRQHandler
                0x0000000008000a50                DebugMon_Handler
                0x0000000008000a50                TIM1_CC_IRQHandler
                0x0000000008000a50                DMA2_Stream5_IRQHandler
                0x0000000008000a50                HardFault_Handler
                0x0000000008000a50                DMA1_Stream5_IRQHandler
                0x0000000008000a50                SysTick_Handler
                0x0000000008000a50                PVD_IRQHandler
                0x0000000008000a50                SDIO_IRQHandler
                0x0000000008000a50                TAMP_STAMP_IRQHandler
                0x0000000008000a50                PendSV_Handler
                0x0000000008000a50                NMI_Handler
                0x0000000008000a50                CAN2_RX1_IRQHandler
                0x0000000008000a50                EXTI3_IRQHandler
                0x0000000008000a50                TIM8_TRG_COM_TIM14_IRQHandler
                0x0000000008000a50                TIM1_UP_TIM10_IRQHandler
                0x0000000008000a50                TIM8_UP_TIM13_IRQHandler
                0x0000000008000a50                I2C3_ER_IRQHandler
                0x0000000008000a50                LCD_TFT_IRQHandler
                0x0000000008000a50                EXTI0_IRQHandler
                0x0000000008000a50                I2C2_EV_IRQHandler
                0x0000000008000a50                DMA1_Stream2_IRQHandler
                0x0000000008000a50                CAN1_RX0_IRQHandler
                0x0000000008000a50                FPU_IRQHandler
                0x0000000008000a50                OTG_HS_WKUP_IRQHandler
                0x0000000008000a50                UsageFault_Handler
                0x0000000008000a50                CAN2_SCE_IRQHandler
                0x0000000008000a50                DMA2_Stream2_IRQHandler
                0x0000000008000a50                SPI1_IRQHandler
                0x0000000008000a50                TIM6_DAC_IRQHandler
                0x0000000008000a50                TIM1_BRK_TIM9_IRQHandler
                0x0000000008000a50                DCMI_IRQHandler
                0x0000000008000a50                CAN2_RX0_IRQHandler
                0x0000000008000a50                DMA2_Stream3_IRQHandler
                0x0000000008000a50                USART6_IRQHandler
                0x0000000008000a50                USART3_IRQHandler
                0x0000000008000a50                CRYP_IRQHandler
                0x0000000008000a50                CAN1_RX1_IRQHandler
                0x0000000008000a50                UART5_IRQHandler
                0x0000000008000a50                DMA2_Stream0_IRQHandler
                0x0000000008000a50                TIM4_IRQHandler
                0x0000000008000a50                I2C1_EV_IRQHandler
                0x0000000008000a50                DMA1_Stream6_IRQHandler
                0x0000000008000a50                DMA1_Stream1_IRQHandler
                0x0000000008000a50                UART4_IRQHandler
                0x0000000008000a50                LCD_TFT_1_IRQHandler
                0x0000000008000a50                TIM3_IRQHandler
                0x0000000008000a50                RCC_IRQHandler
                0x0000000008000a50                TIM8_BRK_TIM12_IRQHandler
                0x0000000008000a50                Default_Handler
                0x0000000008000a50                EXTI15_10_IRQHandler
                0x0000000008000a50                ADC_IRQHandler
                0x0000000008000a50                DMA1_Stream7_IRQHandler
                0x0000000008000a50                TIM7_IRQHandler
                0x0000000008000a50                CAN2_TX_IRQHandler
                0x0000000008000a50                TIM5_IRQHandler
                0x0000000008000a50                DMA2_Stream7_IRQHandler
                0x0000000008000a50                I2C3_EV_IRQHandler
                0x0000000008000a50                RTC_WKUP_IRQHandler
                0x0000000008000a50                ETH_WKUP_IRQHandler
                0x0000000008000a50                SPI2_IRQHandler
                0x0000000008000a50                OTG_HS_EP1_IN_IRQHandler
                0x0000000008000a50                MemManage_Handler
                0x0000000008000a50                DMA1_Stream0_IRQHandler
                0x0000000008000a50                CAN1_TX_IRQHandler
                0x0000000008000a50                SVC_Handler
                0x0000000008000a50                EXTI4_IRQHandler
                0x0000000008000a50                FSMC_IRQHandler
                0x0000000008000a50                ETH_IRQHandler
                0x0000000008000a50                OTG_HS_EP1_OUT_IRQHandler
                0x0000000008000a50                WWDG_IRQHandler
                0x0000000008000a50                TIM2_IRQHandler
                0x0000000008000a50                OTG_FS_WKUP_IRQHandler
                0x0000000008000a50                TIM1_TRG_COM_TIM11_IRQHandler
                0x0000000008000a50                OTG_HS_IRQHandler
                0x0000000008000a50                EXTI1_IRQHandler
                0x0000000008000a50                USART2_IRQHandler
                0x0000000008000a50                I2C2_ER_IRQHandler
                0x0000000008000a50                DMA2_Stream1_IRQHandler
                0x0000000008000a50                CAN1_SCE_IRQHandler
                0x0000000008000a50                DMA2_Stream4_IRQHandler
                0x0000000008000a50                BusFault_Handler
                0x0000000008000a50                USART1_IRQHandler
                0x0000000008000a50                OTG_FS_IRQHandler
                0x0000000008000a50                SPI3_IRQHandler
                0x0000000008000a50                DMA1_Stream4_IRQHandler
                0x0000000008000a50                I2C1_ER_IRQHandler
                0x0000000008000a50                DMA2_Stream6_IRQHandler
                0x0000000008000a50                DMA1_Stream3_IRQHandler
 *fill*         0x0000000008000a52        0x2 
 .text.__libc_init_array
                0x0000000008000a54       0x48 c:/st/stm32cubeide_1.1.0/stm32cubeide/plugins/com.st.stm32cube.ide.mcu.externaltools.gnu-tools-for-stm32.9-2020-q2-update.win32_1.5.0.202011040924/tools/bin/../lib/gcc/arm-none-eabi/9.3.1/../../../../arm-none-eabi/lib/thumb/v7e-m+fp/hard\libc_nano.a(lib_a-init.o)
                0x0000000008000a54                __libc_init_array
 .text.memset   0x0000000008000a9c       0x10 c:/st/stm32cubeide_1.1.0/stm32cubeide/plugins/com.st.stm32cube.ide.mcu.externaltools.gnu-tools-for-stm32.9-2020-q2-update.win32_1.5.0.202011040924/tools/bin/../lib/gcc/arm-none-eabi/9.3.1/../../../../arm-none-eabi/lib/thumb/v7e-m+fp/hard\libc_nano.a(lib_a-memset.o)
                0x0000000008000a9c                memset
 *(.glue_7)
 .glue_7        0x0000000008000aac        0x0 linker stubs
 *(.glue_7t)
 .glue_7t       0x0000000008000aac        0x0 linker stubs
 *(.eh_frame)
 .eh_frame      0x0000000008000aac        0x0 c:/st/stm32cubeide_1.1.0/stm32cubeide/plugins/com.st.stm32cube.ide.mcu.externaltools.gnu-tools-for-stm32.9-2020-q2-update.win32_1.5.0.202011040924/tools/bin/../lib/gcc/arm-none-eabi/9.3.1/thumb/v7e-m+fp/hard/crtbegin.o
 *(.init)
 .init          0x0000000008000aac        0x4 c:/st/stm32cubeide_1.1.0/stm32cubeide/plugins/com.st.stm32cube.ide.mcu.externaltools.gnu-tools-for-stm32.9-2020-q2-update.win32_1.5.0.202011040924/tools/bin/../lib/gcc/arm-none-eabi/9.3.1/thumb/v7e-m+fp/hard/crti.o
                0x0000000008000aac                _init
 .init          0x0000000008000ab0        0x8 c:/st/stm32cubeide_1.1.0/stm32cubeide/plugins/com.st.stm32cube.ide.mcu.externaltools.gnu-tools-for-stm32.9-2020-q2-update.win32_1.5.0.202011040924/tools/bin/../lib/gcc/arm-none-eabi/9.3.1/thumb/v7e-m+fp/hard/crtn.o
 *(.fini)
 .fini          0x0000000008000ab8        0x4 c:/st/stm32cubeide_1.1.0/stm32cubeide/plugins/com.st.stm32cube.ide.mcu.externaltools.gnu-tools-for-stm32.9-2020-q2-update.win32_1.5.0.202011040924/tools/bin/../lib/gcc/arm-none-eabi/9.3.1/thumb/v7e-m+fp/hard/crti.o
                0x0000000008000ab8                _fini
 .fini          0x0000000008000abc        0x8 c:/st/stm32cubeide_1.1.0/stm32cubeide/plugins/com.st.stm32cube.ide.mcu.externaltools.gnu-tools-for-stm32.9-2020-q2-update.win32_1.5.0.202011040924/tools/bin/../lib/gcc/arm-none-eabi/9.3.1/thumb/v7e-m+fp/hard/crtn.o
                0x0000000008000ac4                . = ALIGN (0x4)
                0x0000000008000ac4                _etext = .

.vfp11_veneer   0x0000000008000ac4        0x0
 .vfp11_veneer  0x0000000008000ac4        0x0 linker stubs

.v4_bx          0x0000000008000ac4        0x0
 .v4_bx         0x0000000008000ac4        0x0 linker stubs

.iplt           0x0000000008000ac4        0x0
 .iplt          0x0000000008000ac4        0x0 c:/st/stm32cubeide_1.1.0/stm32cubeide/plugins/com.st.stm32cube.ide.mcu.externaltools.gnu-tools-for-stm32.9-2020-q2-update.win32_1.5.0.202011040924/tools/bin/../lib/gcc/arm-none-eabi/9.3.1/thumb/v7e-m+fp/hard/crtbegin.o

.rel.dyn        0x0000000008000ac4        0x0
 .rel.iplt      0x0000000008000ac4        0x0 c:/st/stm32cubeide_1.1.0/stm32cubeide/plugins/com.st.stm32cube.ide.mcu.externaltools.gnu-tools-for-stm32.9-2020-q2-update.win32_1.5.0.202011040924/tools/bin/../lib/gcc/arm-none-eabi/9.3.1/thumb/v7e-m+fp/hard/crtbegin.o

.rodata         0x0000000008000ac4        0x0
                0x0000000008000ac4                . = ALIGN (0x4)
 *(.rodata)
 *(.rodata*)
                0x0000000008000ac4                . = ALIGN (0x4)

.ARM.extab      0x0000000008000ac4        0x0
                0x0000000008000ac4                . = ALIGN (0x4)
 *(.ARM.extab* .gnu.linkonce.armextab.*)
                0x0000000008000ac4                . = ALIGN (0x4)

.ARM            0x0000000008000ac4        0x0
                0x0000000008000ac4                . = ALIGN (0x4)
                0x0000000008000ac4                __exidx_start = .
 *(.ARM.exidx*)
                0x0000000008000ac4                __exidx_end = .
                0x0000000008000ac4                . = ALIGN (0x4)

.preinit_array  0x0000000008000ac4        0x0
                0x0000000008000ac4                . = ALIGN (0x4)
                0x0000000008000ac4                PROVIDE (__preinit_array_start = .)
 *(.preinit_array*)
                0x0000000008000ac4                PROVIDE (__preinit_array_end = .)
                0x0000000008000ac4                . = ALIGN (0x4)

.init_array     0x0000000008000ac4        0x4
                0x0000000008000ac4                . = ALIGN (0x4)
                0x0000000008000ac4                PROVIDE (__init_array_start = .)
 *(SORT_BY_NAME(.init_array.*))
 *(.init_array*)
 .init_array    0x0000000008000ac4        0x4 c:/st/stm32cubeide_1.1.0/stm32cubeide/plugins/com.st.stm32cube.ide.mcu.externaltools.gnu-tools-for-stm32.9-2020-q2-update.win32_1.5.0.202011040924/tools/bin/../lib/gcc/arm-none-eabi/9.3.1/thumb/v7e-m+fp/hard/crtbegin.o
                0x0000000008000ac8                PROVIDE (__init_array_end = .)
                0x0000000008000ac8                . = ALIGN (0x4)

.fini_array     0x0000000008000ac8        0x4
                0x0000000008000ac8                . = ALIGN (0x4)
                [!provide]                        PROVIDE (__fini_array_start = .)
 *(SORT_BY_NAME(.fini_array.*))
 *(.fini_array*)
 .fini_array    0x0000000008000ac8        0x4 c:/st/stm32cubeide_1.1.0/stm32cubeide/plugins/com.st.stm32cube.ide.mcu.externaltools.gnu-tools-for-stm32.9-2020-q2-update.win32_1.5.0.202011040924/tools/bin/../lib/gcc/arm-none-eabi/9.3.1/thumb/v7e-m+fp/hard/crtbegin.o
                [!provide]                        PROVIDE (__fini_array_end = .)
                0x0000000008000acc                . = ALIGN (0x4)
                0x0000000008000acc                _sidata = LOADADDR (.data)

.data           0x0000000020000000        0x0 load address 0x0000000008000acc
                0x0000000020000000                . = ALIGN (0x4)
                0x0000000020000000                _sdata = .
 *(.data)
 *(.data*)
 *(.RamFunc)
 *(.RamFunc*)
                0x0000000020000000                . = ALIGN (0x4)
                0x0000000020000000                _edata = .

.igot.plt       0x0000000020000000        0x0 load address 0x0000000008000acc
 .igot.plt      0x0000000020000000        0x0 c:/st/stm32cubeide_1.1.0/stm32cubeide/plugins/com.st.stm32cube.ide.mcu.externaltools.gnu-tools-for-stm32.9-2020-q2-update.win32_1.5.0.202011040924/tools/bin/../lib/gcc/arm-none-eabi/9.3.1/thumb/v7e-m+fp/hard/crtbegin.o
                0x0000000020000000                . = ALIGN (0x4)

.bss            0x0000000020000000       0x1c load address 0x0000000008000acc
                0x0000000020000000                _sbss = .
                0x0000000020000000                __bss_start__ = _sbss
 *(.bss)
 .bss           0x0000000020000000       0x1c c:/st/stm32cubeide_1.1.0/stm32cubeide/plugins/com.st.stm32cube.ide.mcu.externaltools.gnu-tools-for-stm32.9-2020-q2-update.win32_1.5.0.202011040924/tools/bin/../lib/gcc/arm-none-eabi/9.3.1/thumb/v7e-m+fp/hard/crtbegin.o
 *(.bss*)
 *(COMMON)
                0x000000002000001c                . = ALIGN (0x4)
                0x000000002000001c                _ebss = .
                0x000000002000001c                __bss_end__ = _ebss

._user_heap_stack
                0x000000002000001c      0x604 load address 0x0000000008000acc
                0x0000000020000020                . = ALIGN (0x8)
 *fill*         0x000000002000001c        0x4 
                [!provide]                        PROVIDE (end = .)
                0x0000000020000020                PROVIDE (_end = .)
                0x0000000020000220                . = (. + _Min_Heap_Size)
 *fill*         0x0000000020000020      0x200 
                0x0000000020000620                . = (. + _Min_Stack_Size)
 *fill*         0x0000000020000220      0x400 
                0x0000000020000620                . = ALIGN (0x8)

/DISCARD/
 libc.a(*)
 libm.a(*)
 libgcc.a(*)

.ARM.attributes
                0x0000000000000000       0x30
 *(.ARM.attributes)
 .ARM.attributes
                0x0000000000000000       0x1e c:/st/stm32cubeide_1.1.0/stm32cubeide/plugins/com.st.stm32cube.ide.mcu.externaltools.gnu-tools-for-stm32.9-2020-q2-update.win32_1.5.0.202011040924/tools/bin/../lib/gcc/arm-none-eabi/9.3.1/thumb/v7e-m+fp/hard/crti.o
 .ARM.attributes
                0x000000000000001e       0x34 c:/st/stm32cubeide_1.1.0/stm32cubeide/plugins/com.st.stm32cube.ide.mcu.externaltools.gnu-tools-for-stm32.9-2020-q2-update.win32_1.5.0.202011040924/tools/bin/../lib/gcc/arm-none-eabi/9.3.1/thumb/v7e-m+fp/hard/crtbegin.o
 .ARM.attributes
                0x0000000000000052       0x34 Src/02_ledBlinkyInterrupt.o
 .ARM.attributes
                0x0000000000000086       0x34 Src/gpio.o
 .ARM.attributes
                0x00000000000000ba       0x21 Startup/startup_stm32f407vgtx.o
 .ARM.attributes
                0x00000000000000db       0x34 c:/st/stm32cubeide_1.1.0/stm32cubeide/plugins/com.st.stm32cube.ide.mcu.externaltools.gnu-tools-for-stm32.9-2020-q2-update.win32_1.5.0.202011040924/tools/bin/../lib/gcc/arm-none-eabi/9.3.1/../../../../arm-none-eabi/lib/thumb/v7e-m+fp/hard\libc_nano.a(lib_a-init.o)
 .ARM.attributes
                0x000000000000010f       0x34 c:/st/stm32cubeide_1.1.0/stm32cubeide/plugins/com.st.stm32cube.ide.mcu.externaltools.gnu-tools-for-stm32.9-2020-q2-update.win32_1.5.0.202011040924/tools/bin/../lib/gcc/arm-none-eabi/9.3.1/../../../../arm-none-eabi/lib/thumb/v7e-m+fp/hard\libc_nano.a(lib_a-memset.o)
 .ARM.attributes
                0x0000000000000143       0x1e c:/st/stm32cubeide_1.1.0/stm32cubeide/plugins/com.st.stm32cube.ide.mcu.externaltools.gnu-tools-for-stm32.9-2020-q2-update.win32_1.5.0.202011040924/tools/bin/../lib/gcc/arm-none-eabi/9.3.1/thumb/v7e-m+fp/hard/crtn.o
OUTPUT(04_gpio_drivers.elf elf32-littlearm)
LOAD linker stubs
LOAD c:/st/stm32cubeide_1.1.0/stm32cubeide/plugins/com.st.stm32cube.ide.mcu.externaltools.gnu-tools-for-stm32.9-2020-q2-update.win32_1.5.0.202011040924/tools/bin/../lib/gcc/arm-none-eabi/9.3.1/../../../../arm-none-eabi/lib/thumb/v7e-m+fp/hard\libc.a
LOAD c:/st/stm32cubeide_1.1.0/stm32cubeide/plugins/com.st.stm32cube.ide.mcu.externaltools.gnu-tools-for-stm32.9-2020-q2-update.win32_1.5.0.202011040924/tools/bin/../lib/gcc/arm-none-eabi/9.3.1/../../../../arm-none-eabi/lib/thumb/v7e-m+fp/hard\libm.a
LOAD c:/st/stm32cubeide_1.1.0/stm32cubeide/plugins/com.st.stm32cube.ide.mcu.externaltools.gnu-tools-for-stm32.9-2020-q2-update.win32_1.5.0.202011040924/tools/bin/../lib/gcc/arm-none-eabi/9.3.1/thumb/v7e-m+fp/hard\libgcc.a

.debug_info     0x0000000000000000     0x1b7d
 .debug_info    0x0000000000000000      0xb0a Src/02_ledBlinkyInterrupt.o
 .debug_info    0x0000000000000b0a     0x1051 Src/gpio.o
 .debug_info    0x0000000000001b5b       0x22 Startup/startup_stm32f407vgtx.o

.debug_abbrev   0x0000000000000000      0x460
 .debug_abbrev  0x0000000000000000      0x1fc Src/02_ledBlinkyInterrupt.o
 .debug_abbrev  0x00000000000001fc      0x252 Src/gpio.o
 .debug_abbrev  0x000000000000044e       0x12 Startup/startup_stm32f407vgtx.o

.debug_aranges  0x0000000000000000       0xc8
 .debug_aranges
                0x0000000000000000       0x30 Src/02_ledBlinkyInterrupt.o
 .debug_aranges
                0x0000000000000030       0x70 Src/gpio.o
 .debug_aranges
                0x00000000000000a0       0x28 Startup/startup_stm32f407vgtx.o

.debug_ranges   0x0000000000000000       0xa0
 .debug_ranges  0x0000000000000000       0x20 Src/02_ledBlinkyInterrupt.o
 .debug_ranges  0x0000000000000020       0x60 Src/gpio.o
 .debug_ranges  0x0000000000000080       0x20 Startup/startup_stm32f407vgtx.o

.debug_macro    0x0000000000000000     0x23a6
 .debug_macro   0x0000000000000000      0x20f Src/02_ledBlinkyInterrupt.o
 .debug_macro   0x000000000000020f      0xaae Src/02_ledBlinkyInterrupt.o
 .debug_macro   0x0000000000000cbd       0x22 Src/02_ledBlinkyInterrupt.o
 .debug_macro   0x0000000000000cdf       0x8e Src/02_ledBlinkyInterrupt.o
 .debug_macro   0x0000000000000d6d       0x51 Src/02_ledBlinkyInterrupt.o
 .debug_macro   0x0000000000000dbe      0x103 Src/02_ledBlinkyInterrupt.o
 .debug_macro   0x0000000000000ec1       0x6a Src/02_ledBlinkyInterrupt.o
 .debug_macro   0x0000000000000f2b      0x1df Src/02_ledBlinkyInterrupt.o
 .debug_macro   0x000000000000110a      0x2ac Src/02_ledBlinkyInterrupt.o
 .debug_macro   0x00000000000013b6       0x52 Src/02_ledBlinkyInterrupt.o
 .debug_macro   0x0000000000001408       0x18 Src/02_ledBlinkyInterrupt.o
 .debug_macro   0x0000000000001420       0x3c Src/02_ledBlinkyInterrupt.o
 .debug_macro   0x000000000000145c       0x34 Src/02_ledBlinkyInterrupt.o
 .debug_macro   0x0000000000001490       0x16 Src/02_ledBlinkyInterrupt.o
 .debug_macro   0x00000000000014a6       0x97 Src/02_ledBlinkyInterrupt.o
 .debug_macro   0x000000000000153d      0x339 Src/02_ledBlinkyInterrupt.o
 .debug_macro   0x0000000000001876       0xfd Src/02_ledBlinkyInterrupt.o
 .debug_macro   0x0000000000001973       0x10 Src/02_ledBlinkyInterrupt.o
 .debug_macro   0x0000000000001983       0x16 Src/02_ledBlinkyInterrupt.o
 .debug_macro   0x0000000000001999       0x43 Src/02_ledBlinkyInterrupt.o
 .debug_macro   0x00000000000019dc       0x34 Src/02_ledBlinkyInterrupt.o
 .debug_macro   0x0000000000001a10       0x10 Src/02_ledBlinkyInterrupt.o
 .debug_macro   0x0000000000001a20       0x58 Src/02_ledBlinkyInterrupt.o
 .debug_macro   0x0000000000001a78       0x71 Src/02_ledBlinkyInterrupt.o
 .debug_macro   0x0000000000001ae9       0x1c Src/02_ledBlinkyInterrupt.o
 .debug_macro   0x0000000000001b05      0x12a Src/02_ledBlinkyInterrupt.o
 .debug_macro   0x0000000000001c2f       0x10 Src/02_ledBlinkyInterrupt.o
 .debug_macro   0x0000000000001c3f       0x1c Src/02_ledBlinkyInterrupt.o
 .debug_macro   0x0000000000001c5b       0x52 Src/02_ledBlinkyInterrupt.o
 .debug_macro   0x0000000000001cad       0x22 Src/02_ledBlinkyInterrupt.o
 .debug_macro   0x0000000000001ccf       0x10 Src/02_ledBlinkyInterrupt.o
 .debug_macro   0x0000000000001cdf       0x40 Src/02_ledBlinkyInterrupt.o
 .debug_macro   0x0000000000001d1f       0xd5 Src/02_ledBlinkyInterrupt.o
 .debug_macro   0x0000000000001df4       0x1c Src/02_ledBlinkyInterrupt.o
 .debug_macro   0x0000000000001e10       0x3d Src/02_ledBlinkyInterrupt.o
 .debug_macro   0x0000000000001e4d       0x16 Src/02_ledBlinkyInterrupt.o
 .debug_macro   0x0000000000001e63      0x145 Src/02_ledBlinkyInterrupt.o
 .debug_macro   0x0000000000001fa8      0x1b4 Src/02_ledBlinkyInterrupt.o
 .debug_macro   0x000000000000215c       0x16 Src/02_ledBlinkyInterrupt.o
 .debug_macro   0x0000000000002172       0x35 Src/02_ledBlinkyInterrupt.o
 .debug_macro   0x00000000000021a7       0x20 Src/02_ledBlinkyInterrupt.o
 .debug_macro   0x00000000000021c7      0x1df Src/gpio.o

.debug_line     0x0000000000000000     0x11f1
 .debug_line    0x0000000000000000      0x649 Src/02_ledBlinkyInterrupt.o
 .debug_line    0x0000000000000649      0xb24 Src/gpio.o
 .debug_line    0x000000000000116d       0x84 Startup/startup_stm32f407vgtx.o

.debug_str      0x0000000000000000     0x992b
 .debug_str     0x0000000000000000     0x9626 Src/02_ledBlinkyInterrupt.o
                                       0x9888 (size before relaxing)
 .debug_str     0x0000000000009626      0x2d4 Src/gpio.o
                                       0x9ab1 (size before relaxing)
 .debug_str     0x00000000000098fa       0x31 Startup/startup_stm32f407vgtx.o
                                         0x95 (size before relaxing)

.comment        0x0000000000000000       0x53
 .comment       0x0000000000000000       0x53 Src/02_ledBlinkyInterrupt.o
                                         0x54 (size before relaxing)
 .comment       0x0000000000000053       0x54 Src/gpio.o

.debug_frame    0x0000000000000000      0x288
 .debug_frame   0x0000000000000000       0x74 Src/02_ledBlinkyInterrupt.o
 .debug_frame   0x0000000000000074      0x1c8 Src/gpio.o
 .debug_frame   0x000000000000023c       0x2c c:/st/stm32cubeide_1.1.0/stm32cubeide/plugins/com.st.stm32cube.ide.mcu.externaltools.gnu-tools-for-stm32.9-2020-q2-update.win32_1.5.0.202011040924/tools/bin/../lib/gcc/arm-none-eabi/9.3.1/../../../../arm-none-eabi/lib/thumb/v7e-m+fp/hard\libc_nano.a(lib_a-init.o)
 .debug_frame   0x0000000000000268       0x20 c:/st/stm32cubeide_1.1.0/stm32cubeide/plugins/com.st.stm32cube.ide.mcu.externaltools.gnu-tools-for-stm32.9-2020-q2-update.win32_1.5.0.202011040924/tools/bin/../lib/gcc/arm-none-eabi/9.3.1/../../../../arm-none-eabi/lib/thumb/v7e-m+fp/hard\libc_nano.a(lib_a-memset.o)
