20:03:48 **** Incremental Build of configuration Debug for project 01_led_toggle ****
make -j4 all 
arm-none-eabi-gcc "../Src/main.c" -mcpu=cortex-m4 -std=gnu11 -g3 -DDEBUG -DSTM32 -DSTM32F4 -DSTM32F407VGTx -c -I../Inc -O0 -ffunction-sections -fdata-sections -Wall -fstack-usage -MMD -MP -MF"Src/main.d" -MT"Src/main.o" --specs=nano.specs -mfpu=fpv4-sp-d16 -mfloat-abi=hard -mthumb -o "Src/main.o"
arm-none-eabi-gcc -o "01_led_toggle.elf" @"objects.list"   -mcpu=cortex-m4 -T"C:\Users\Navjeevan\OneDrive\Documents\GitHub\tenderfoot\ARM_BareMetalProgramming\Workspace\01_led_toggle\STM32F407VGTX_FLASH.ld" --specs=nosys.specs -Wl,-Map="01_led_toggle.map" -Wl,--gc-sections -static --specs=nano.specs -mfpu=fpv4-sp-d16 -mfloat-abi=hard -mthumb -Wl,--start-group -lc -lm -Wl,--end-group
Finished building target: 01_led_toggle.elf
 
arm-none-eabi-objdump -h -S  01_led_toggle.elf  > "01_led_toggle.list"
arm-none-eabi-objcopy  -O binary  01_led_toggle.elf  "01_led_toggle.bin"
arm-none-eabi-size   01_led_toggle.elf 
   text	   data	    bss	    dec	    hex	filename
    760	      8	   1568	   2336	    920	01_led_toggle.elf
Finished building: default.size.stdout
 
Finished building: 01_led_toggle.list
Finished building: 01_led_toggle.bin
 
 

20:03:49 Build Finished. 0 errors, 0 warnings. (took 1s.73ms)

