22:25:33 **** Incremental Build of configuration Debug for project 10_adc ****
make -j4 all 
arm-none-eabi-gcc "../Src/main.c" -mcpu=cortex-m4 -std=gnu11 -g3 -DDEBUG -DSTM32 -DSTM32F4 -DSTM32F407VGTx -c -I../Inc -I"D:/BOOKS_ALL/UdemyCourses/STM32Cube_FW_F4_V1.26.0/Drivers/CMSIS/Include" -I"D:/BOOKS_ALL/UdemyCourses/STM32Cube_FW_F4_V1.26.0/Drivers/CMSIS/Device/ST/STM32F4xx/Include" -O0 -ffunction-sections -fdata-sections -Wall -fstack-usage -MMD -MP -MF"Src/main.d" -MT"Src/main.o" --specs=nano.specs -mfpu=fpv4-sp-d16 -mfloat-abi=hard -mthumb -o "Src/main.o"
arm-none-eabi-gcc -o "10_adc.elf" @"objects.list"   -mcpu=cortex-m4 -T"C:\Users\Navjeevan\OneDrive\Documents\GitHub\tenderfoot\ARM_BareMetalProgramming\Workspace\10_adc\STM32F407VGTX_FLASH.ld" --specs=nosys.specs -Wl,-Map="10_adc.map" -Wl,--gc-sections -static --specs=nano.specs -mfpu=fpv4-sp-d16 -mfloat-abi=hard -mthumb -Wl,--start-group -lc -lm -Wl,--end-group
Finished building target: 10_adc.elf
 
arm-none-eabi-objdump -h -S  10_adc.elf  > "10_adc.list"
arm-none-eabi-objcopy  -O binary  10_adc.elf  "10_adc.bin"
arm-none-eabi-size   10_adc.elf 
   text	   data	    bss	    dec	    hex	filename
   5628	    108	   1596	   7332	   1ca4	10_adc.elf
Finished building: default.size.stdout
 
Finished building: 10_adc.list
Finished building: 10_adc.bin
 
 

22:25:34 Build Finished. 0 errors, 0 warnings. (took 1s.14ms)

