13:19:27 **** Incremental Build of configuration Debug for project 12_systick_timer ****
make -j4 all 
arm-none-eabi-size   12_systick_timer.elf 
   text	   data	    bss	    dec	    hex	filename
   5580	    108	   1596	   7284	   1c74	12_systick_timer.elf
Finished building: default.size.stdout
 
13:20:15 **** Incremental Build of configuration Debug for project 12_systick_timer ****
make -j4 all 
arm-none-eabi-size   12_systick_timer.elf 
   text	   data	    bss	    dec	    hex	filename
   5580	    108	   1596	   7284	   1c74	12_systick_timer.elf
Finished building: default.size.stdout
 
