23:05:53 **** Incremental Build of configuration Debug for project 02_Semihosting ****
make -j4 all 
arm-none-eabi-gcc "../Src/main.c" -mcpu=cortex-m4 -std=gnu11 -g3 -DDEBUG -DSTM32 -DSTM32F407G_DISC1 -DSTM32F4 -DSTM32F407VGTx -c -I../Inc -O0 -ffunction-sections -fdata-sections -Wall -fstack-usage -MMD -MP -MF"Src/main.d" -MT"Src/main.o" --specs=nano.specs -mfpu=fpv4-sp-d16 -mfloat-abi=hard -mthumb -o "Src/main.o"
arm-none-eabi-gcc -o "02_Semihosting.elf" @"objects.list"   -mcpu=cortex-m4 -T"C:\Users\Navjeevan\OneDrive\Documents\GitHub\tenderfoot\ARM_Drivers\Workspace\02_Semihosting\STM32F407VGTX_FLASH.ld" --specs=nosys.specs -Wl,-Map="02_Semihosting.map" -Wl,--gc-sections -static -specs=rdimon.specs -lc -lrdimon --specs=nano.specs -mfpu=fpv4-sp-d16 -mfloat-abi=hard -mthumb -Wl,--start-group -lc -lm -Wl,--end-group
Finished building target: 02_Semihosting.elf
 
arm-none-eabi-objdump -h -S  02_Semihosting.elf  > "02_Semihosting.list"
arm-none-eabi-objcopy  -O binary  02_Semihosting.elf  "02_Semihosting.bin"
arm-none-eabi-size   02_Semihosting.elf 
   text	   data	    bss	    dec	    hex	filename
   5612	    108	   1756	   7476	   1d34	02_Semihosting.elf
Finished building: default.size.stdout
 
Finished building: 02_Semihosting.bin
 
Finished building: 02_Semihosting.list
 

23:05:54 Build Finished. 0 errors, 0 warnings. (took 872ms)

